#Coordinates  RecID  LigID  Luciferin  Neighbor's number  Vision Range  Scoring
(0.0, 0.0, 0.0, 0, 0.0, 1.0, 0) 0 0 -69.0149353893 0 6.04 -56.95
(0.0, 0.0, 0.0, 0.7071, 0.0, 0.7071, 0.0) 0 0 4.45163581059 4 0.96 3.75
