[lightdock_setup] INFO: Reading structure from 1PPE_rec.pdb.H PDB file...
[lightdock_setup] INFO: 3219 atoms, 223 residues read.
[lightdock_setup] INFO: Reading structure from 1PPE_lig.pdb.H PDB file...
[lightdock_setup] INFO: 437 atoms, 29 residues read.
[lightdock_setup] INFO: Calculating reference points for receptor 1PPE_rec.pdb.H...
[lightdock_setup] INFO: Done.
[lightdock_setup] INFO: Calculating reference points for ligand 1PPE_lig.pdb.H...
[lightdock_setup] INFO: Done.
[lightdock_setup] INFO: Saving processed structure to PDB file...
[lightdock_setup] INFO: Done.
[lightdock_setup] INFO: Saving processed structure to PDB file...
[lightdock_setup] INFO: Done.
[lightdock_setup] INFO: Calculating starting positions...
[lightdock_setup] INFO: Generated 1 positions files
[lightdock_setup] INFO: Done.
[lightdock_setup] INFO: Preparing environment
[lightdock_setup] INFO: Done.
[lightdock_setup] INFO: LightDock setup OK
[lightdock] INFO: simulation parameters saved to ./lightdock.info
[lightdock_setup] INFO: Reading structure from 1PPE_rec.pdb.H PDB file...
[lightdock_setup] INFO: 3219 atoms, 223 residues read.
[lightdock_setup] INFO: Reading structure from 1PPE_lig.pdb.H PDB file...
[lightdock_setup] INFO: 437 atoms, 29 residues read.
[lightdock] INFO: Loading scoring function...
[lightdock] INFO: Using CPyDock scoring function
[cpydock] INFO: Calculating reference SASA...
[cpydock] INFO: Done.
[cpydock] INFO: Calculating reference SASA...
[cpydock] INFO: Done.
[cpydock] WARNING: Error ([Errno 2] No such file or directory: 'vdw.in'), using default VDW cutoff
[cpydock] INFO: PyDock VDW cutoff is: 0.10
[lightdock] INFO: Done.
[kraken] INFO: Kraken has 1 tentacles (cpu cores)
[kraken] INFO: Tentacle ready with 1 tasks
[kraken] INFO: 1 ships ready to be smashed
[lightdock] INFO: Monster spotted
[kraken] INFO: Release the Kraken!
[0] step 1
[kraken] INFO: folding tentacle Tentacle-1
[kraken] INFO: 1 ships destroyed
[lightdock] INFO: Finished.
