#Coordinates  RecID  LigID  Luciferin  Neighbor's number  Vision Range  Scoring
(21.9006709,  1.8814906, -6.4421537, -0.1058407, -0.4849369,  0.5997430, -0.6276482)    0    0   5.00000000  0 0.200   0.00000000
(27.3158702, -0.1131452,  1.0548091, -0.3588059, -0.4977777, -0.7363521,  0.2850636)    0    0   5.00000000  0 0.200   0.00000000
(27.0558965, -6.4115154,  4.3584902, -0.2741740, -0.8104866, -0.4670855,  0.2230947)    0    0   5.00000000  0 0.200   0.00000000
(24.5936330,  6.4160048,  6.4691101, -0.5257622,  0.0415576, -0.8454891, -0.0836377)    0    0   5.00000000  0 0.200   0.00000000
(16.8303211,  2.5925536,  2.4933987, -0.7845227,  0.1866141,  0.5531036, -0.2092264)    0    0   5.00000000  0 0.200   0.00000000
