Lightdock Top 10: 0
Lightdock Top 100: 5
Lightdock Total Hits: 10
Lightdock Min(RMSD) Top 10: 12.110
Lightdock Min(RMSD) Top 100: 3.416
Lightdock Min(RMSD): 3.416
Lightdock Mean Clashes: 23.443
Lightdock Min Clashes: 0.000
Lightdock Max Clashes: 315.000
Lightdock Mean Scoring Top 10: 27.829
Lightdock Mean Scoring Top 100: 22.557
Lightdock number of solutions: 1373
First Near Native position: 27
