#Coordinates  RecID  LigID  Luciferin  Neighbor's number  Vision Range  Scoring
(23.1330000, -4.2060000,  2.1030000,  0.0432273, -0.4890738,  0.8471007, -0.2033683)    0    0   5.00000000  0 15.000   0.00000000
(21.7310000,  1.4020000, -6.3090000,  0.2938926, -0.2296444,  0.2067727,  0.9045085)    0    0   5.00000000  0 15.000   0.00000000
(23.8340000, -3.5050000, -7.0100000,  0.6012167,  0.6654651,  0.0699432,  0.4368096)    0    0   5.00000000  0 15.000   0.00000000
(21.7310000,  5.6080000,  2.1030000, -0.2296443, -0.2938926,  0.9045085, -0.2067727)    0    0   5.00000000  0 15.000   0.00000000
(23.1330000,  6.3090000,  0.7010000,  0.1545085,  0.8236391, -0.2676165, -0.4755282)    0    0   5.00000000  0 15.000   0.00000000
