[lightdock_setup] INFO: Reading structure from 1PPE_rec.pdb PDB file...
[lightdock_setup] INFO: 1628 atoms, 223 residues read.
[lightdock_setup] INFO: Reading structure from 1PPE_lig.pdb PDB file...
[lightdock_setup] INFO: 221 atoms, 29 residues read.
[lightdock_setup] INFO: Calculating reference points for receptor 1PPE_rec.pdb...
[lightdock_setup] INFO: Done.
[lightdock_setup] INFO: Calculating reference points for ligand 1PPE_lig.pdb...
[lightdock_setup] INFO: Done.
[lightdock_setup] INFO: Saving processed structure to PDB file...
[lightdock_setup] INFO: Done.
[lightdock_setup] INFO: Saving processed structure to PDB file...
[lightdock_setup] INFO: Done.
[lightdock_setup] INFO: Calculating starting positions...
[lightdock_setup] INFO: Generated 5 positions files
[lightdock_setup] INFO: Done.
[lightdock_setup] INFO: Preparing environment
[lightdock_setup] INFO: Done.
[lightdock_setup] INFO: LightDock setup OK
[lightdock] INFO: simulation parameters saved to ./lightdock.info
[lightdock_setup] INFO: Reading structure from 1PPE_rec.pdb PDB file...
[lightdock_setup] INFO: 1628 atoms, 223 residues read.
[lightdock_setup] INFO: Reading structure from 1PPE_lig.pdb PDB file...
[lightdock_setup] INFO: 221 atoms, 29 residues read.
[lightdock] INFO: Loading scoring function...
[lightdock] INFO: Using DFIRE scoring function
[lightdock] INFO: Done.
[kraken] INFO: Kraken has 1 tentacles (cpu cores)
[kraken] INFO: Tentacle ready with 5 tasks
[kraken] INFO: 5 ships ready to be smashed
[lightdock] INFO: Monster spotted
[kraken] INFO: Release the Kraken!
[0] step 1
[0] step 2
[0] step 3
[0] step 4
[0] step 5
[0] step 6
[0] step 7
[0] step 8
[0] step 9
[0] step 10
[1] step 1
[1] step 2
[1] step 3
[1] step 4
[1] step 5
[1] step 6
[1] step 7
[1] step 8
[1] step 9
[1] step 10
[2] step 1
[2] step 2
[2] step 3
[2] step 4
[2] step 5
[2] step 6
[2] step 7
[2] step 8
[2] step 9
[2] step 10
[3] step 1
[3] step 2
[3] step 3
[3] step 4
[3] step 5
[3] step 6
[3] step 7
[3] step 8
[3] step 9
[3] step 10
[4] step 1
[4] step 2
[4] step 3
[4] step 4
[4] step 5
[4] step 6
[4] step 7
[4] step 8
[4] step 9
[4] step 10
[kraken] INFO: folding tentacle Tentacle-1
[kraken] INFO: 5 ships destroyed
[lightdock] INFO: Finished.
