#Coordinates  RecID  LigID  Luciferin  Neighbor's number  Vision Range  Scoring
(32.3106036,  0.9602326, -4.4594896, -0.2907075, -0.7537801, -0.5353757,  0.2463280)    0    0   0.10942023  3 16.600  -0.25259902
(36.6185199, -1.4988492,  2.2809896, -0.2956528, -0.7771072, -0.5098667,  0.2207484)    0    0   0.41199105  1 18.040   0.02027219
(36.4821034, -5.9493126,  4.4756943, -0.2923144, -0.7853498, -0.5001472,  0.2182447)    0    0   0.40969605  2 18.680   0.01510529
(34.5350155,  4.5521961,  6.0006408, -0.3098475, -0.7585815, -0.5321698,  0.2129413)    0    0   0.41810063  0 17.880   0.03695565
(28.3618545,  2.0671621,  3.0190964, -0.2725584, -0.7558269, -0.5535852,  0.2190459)    0    0  -0.27626952  4 15.800  -0.52527146
