#Coordinates  RecID  LigID  Luciferin  Neighbor's number  Vision Range  Scoring
(22.9496774, -2.2243025,  2.0098748, -0.2159403, -0.4152626,  0.8758246, -0.1177199)    0    0 114.27220800  3 16.280  85.44000000
(21.7310000,  2.2964272, -4.5201456, -0.1997320, -0.3149865,  0.9204203, -0.1171197)    0    0 155.16057600  2 17.400 109.35000000
(23.4982690, -2.3385443, -5.7611255, -0.2289958, -0.5389414,  0.8106188, -0.0004144)    0    0  65.60174400  4 15.640  59.83000000
(21.7310000,  5.6080000,  2.1030000, -0.2296443, -0.2938926,  0.9045085, -0.2067727)    0    0 215.56281600  0 18.200 164.61000000
(21.7996667,  5.6423333,  2.0343333, -0.2335839, -0.3478902,  0.8933575, -0.1622445)    0    0 192.49497600  1 17.080 178.99000000
