#Coordinates  RecID  LigID  Luciferin  Neighbor's number  Vision Range  Scoring
(31.4171143,  1.8570079, -6.3956223, -0.1058407, -0.4849369,  0.5997430, -0.6276482)    0    0   5.00000000  0 15.000   0.00000000
(36.8323135, -0.1376278,  1.1013406, -0.3588059, -0.4977777, -0.7363521,  0.2850636)    0    0   5.00000000  0 15.000   0.00000000
(36.5723399, -6.4359980,  4.4050217, -0.2741740, -0.8104866, -0.4670855,  0.2230947)    0    0   5.00000000  0 15.000   0.00000000
(34.1100763,  6.3915221,  6.5156415, -0.5257622,  0.0415576, -0.8454891, -0.0836377)    0    0   5.00000000  0 15.000   0.00000000
(26.3467644,  2.5680709,  2.5399302, -0.7845227,  0.1866141,  0.5531036, -0.2092264)    0    0   5.00000000  0 15.000   0.00000000
